{
    "homo_sapiens - genome - gtf - stub": {
        "content": [
            {
                "0": [
                    [
                        {
                            "id": "test"
                        },
                        "test.passed.gff:md5,d41d8cd98f00b204e9800998ecf8427e"
                    ]
                ],
                "1": [
                    [
                        {
                            "id": "test"
                        },
                        "test.failed.gff:md5,d41d8cd98f00b204e9800998ecf8427e"
                    ]
                ],
                "2": [
                    "versions.yml:md5,a3d1e735adde2ea534a2ca079be3c543"
                ],
                "failed_gff": [
                    [
                        {
                            "id": "test"
                        },
                        "test.failed.gff:md5,d41d8cd98f00b204e9800998ecf8427e"
                    ]
                ],
                "passed_gff": [
                    [
                        {
                            "id": "test"
                        },
                        "test.passed.gff:md5,d41d8cd98f00b204e9800998ecf8427e"
                    ]
                ],
                "versions": [
                    "versions.yml:md5,a3d1e735adde2ea534a2ca079be3c543"
                ]
            }
        ],
        "meta": {
            "nf-test": "0.9.2",
            "nextflow": "24.10.5"
        },
        "timestamp": "2025-04-07T14:12:31.133476"
    },
    "sarscov2 - genome - gff": {
        "content": [
            {
                "0": [
                    [
                        {
                            "id": "test"
                        },
                        "test.passed.gff:md5,07e5162b4331cd471e16736197857e6f"
                    ]
                ],
                "1": [
                    [
                        {
                            "id": "test"
                        },
                        "test.failed.gff:md5,df19e1b84ba6f691d20c72b397c88abf"
                    ]
                ],
                "2": [
                    "versions.yml:md5,a3d1e735adde2ea534a2ca079be3c543"
                ],
                "failed_gff": [
                    [
                        {
                            "id": "test"
                        },
                        "test.failed.gff:md5,df19e1b84ba6f691d20c72b397c88abf"
                    ]
                ],
                "passed_gff": [
                    [
                        {
                            "id": "test"
                        },
                        "test.passed.gff:md5,07e5162b4331cd471e16736197857e6f"
                    ]
                ],
                "versions": [
                    "versions.yml:md5,a3d1e735adde2ea534a2ca079be3c543"
                ]
            }
        ],
        "meta": {
            "nf-test": "0.9.2",
            "nextflow": "24.10.5"
        },
        "timestamp": "2025-04-07T14:12:35.527415"
    },
    "sarscov2 - genome - gff - stub": {
        "content": [
            {
                "0": [
                    [
                        {
                            "id": "test"
                        },
                        "test.passed.gff:md5,d41d8cd98f00b204e9800998ecf8427e"
                    ]
                ],
                "1": [
                    [
                        {
                            "id": "test"
                        },
                        "test.failed.gff:md5,d41d8cd98f00b204e9800998ecf8427e"
                    ]
                ],
                "2": [
                    "versions.yml:md5,a3d1e735adde2ea534a2ca079be3c543"
                ],
                "failed_gff": [
                    [
                        {
                            "id": "test"
                        },
                        "test.failed.gff:md5,d41d8cd98f00b204e9800998ecf8427e"
                    ]
                ],
                "passed_gff": [
                    [
                        {
                            "id": "test"
                        },
                        "test.passed.gff:md5,d41d8cd98f00b204e9800998ecf8427e"
                    ]
                ],
                "versions": [
                    "versions.yml:md5,a3d1e735adde2ea534a2ca079be3c543"
                ]
            }
        ],
        "meta": {
            "nf-test": "0.9.2",
            "nextflow": "24.10.5"
        },
        "timestamp": "2025-04-07T14:12:39.094929"
    },
    "actinidia_chinensis - genome - gtf": {
        "content": [
            {
                "0": [
                    [
                        {
                            "id": "test"
                        },
                        "test.passed.gff:md5,e2558c89e50df32d654f19f9a69e46a3"
                    ]
                ],
                "1": [
                    [
                        {
                            "id": "test"
                        },
                        "test.failed.gff:md5,658648e7cb13f2a86f2a0632e5959c46"
                    ]
                ],
                "2": [
                    "versions.yml:md5,a3d1e735adde2ea534a2ca079be3c543"
                ],
                "failed_gff": [
                    [
                        {
                            "id": "test"
                        },
                        "test.failed.gff:md5,658648e7cb13f2a86f2a0632e5959c46"
                    ]
                ],
                "passed_gff": [
                    [
                        {
                            "id": "test"
                        },
                        "test.passed.gff:md5,e2558c89e50df32d654f19f9a69e46a3"
                    ]
                ],
                "versions": [
                    "versions.yml:md5,a3d1e735adde2ea534a2ca079be3c543"
                ]
            }
        ],
        "meta": {
            "nf-test": "0.9.2",
            "nextflow": "24.10.5"
        },
        "timestamp": "2025-04-07T14:12:27.509769"
    }
}