{
    "scaffold_4 - fasta - gff3": {
        "content": [
            {
                "0": [
                    [
                        {
                            "id": "test"
                        },
                        "test.motifs.tsv:md5,b0a99a7a7bf598bbf1e25ca3690567c6"
                    ]
                ],
                "1": [
                    [
                        {
                            "id": "test"
                        },
                        "test.marked.gff3:md5,f464b2e0dc24238e69c3e9e1419c1b3b"
                    ]
                ],
                "2": [
                    "versions.yml:md5,3cf7738c06a6fadd889090c97da9c1db",
                    "versions.yml:md5,69031d50a2a4198def1595b5e303ff98"
                ],
                "marked_gff3": [
                    [
                        {
                            "id": "test"
                        },
                        "test.marked.gff3:md5,f464b2e0dc24238e69c3e9e1419c1b3b"
                    ]
                ],
                "motifs_tsv": [
                    [
                        {
                            "id": "test"
                        },
                        "test.motifs.tsv:md5,b0a99a7a7bf598bbf1e25ca3690567c6"
                    ]
                ],
                "versions": [
                    "versions.yml:md5,3cf7738c06a6fadd889090c97da9c1db",
                    "versions.yml:md5,69031d50a2a4198def1595b5e303ff98"
                ]
            }
        ],
        "meta": {
            "nf-test": "0.9.2",
            "nextflow": "24.10.5"
        },
        "timestamp": "2025-04-11T13:31:20.498545"
    }
}