{
    "Merge two genes into one": {
        "content": [
            {
                "0": [
                    [
                        {
                            "id": "test"
                        },
                        "test.gff:md5,7640b96cc77f9b192fc369b98fce0cbf"
                    ]
                ],
                "1": [
                    "versions.yml:md5,41c8654a8b48f0ce58a056ad3333ffeb"
                ],
                "gff": [
                    [
                        {
                            "id": "test"
                        },
                        "test.gff:md5,7640b96cc77f9b192fc369b98fce0cbf"
                    ]
                ],
                "versions": [
                    "versions.yml:md5,41c8654a8b48f0ce58a056ad3333ffeb"
                ]
            }
        ],
        "meta": {
            "nf-test": "0.9.2",
            "nextflow": "24.10.6"
        },
        "timestamp": "2025-05-05T15:16:33.224735"
    }
}