{
    "profile - test": {
        "content": [
            {
                "successful tasks": 22,
                "versions": {
                    "AGAT_CONVERTSPGFF2GTF": {
                        "agat": "v1.4.1"
                    },
                    "AGAT_CONVERTSPGXF2GXF": {
                        "agat": "v1.4.1"
                    },
                    "AGAT_SPADDINTRONS": {
                        "agat": "v1.4.1"
                    },
                    "AGAT_SPEXTRACTSEQUENCES": {
                        "agat": "v1.4.1"
                    },
                    "BRAKER3": {
                        "braker3": "3.0.8",
                        "augustus": "3.5.0",
                        "genemark-etp": 1.02,
                        "prothint": "2.6.0"
                    },
                    "CAT_PROTEIN_FASTAS": {
                        "pigz": "2.3.4"
                    },
                    "EXTRACT_CDNA": {
                        "gffread": "0.12.7"
                    },
                    "EXTRACT_CDS": {
                        "gffread": "0.12.7"
                    },
                    "EXTRACT_PROTEINS": {
                        "gffread": "0.12.7"
                    },
                    "FASTAVALIDATOR": {
                        "py_fasta_validator": 0.6
                    },
                    "FILTER_BY_ORF_SIZE": {
                        "agat": "v1.4.3"
                    },
                    "FILTER_INVALID_ORFS": {
                        "gffread": "0.12.7"
                    },
                    "FINAL_GFF_CHECK": {
                        "genometools": "1.6.5"
                    },
                    "GFF2FASTA_FOR_EGGNOGMAPPER": {
                        "gffread": "0.12.7"
                    },
                    "GT_GFF3": {
                        "genometools": "1.6.5"
                    },
                    "SAVE_MARKED_GFF3": {
                        "pigz": "2.3.4"
                    },
                    "SEQKIT_RMDUP": {
                        "seqkit": "v2.9.0"
                    },
                    "STAR_GENOMEGENERATE": {
                        "star": "2.7.11b",
                        "samtools": 1.21,
                        "gawk": "5.1.0"
                    },
                    "TSEBRA": {
                        "tsebra": "1.1.2.5"
                    },
                    "Workflow": {
                        "plant-food-research-open/genepal": "v1.0.0dev"
                    }
                },
                "stable paths": [
                    "a_thaliana.cdna.fasta:md5,38e7d3fa40ba9ebf2c7d692fb7100c7c",
                    "a_thaliana.cds.fasta:md5,740b56d0df4a8f89b8eafd62242c8672",
                    "a_thaliana.gt.gff3:md5,b774df188a0db9eb9b8c2c60fa3e627a",
                    "a_thaliana.pep.fasta:md5,8bd47bdb1cf54e3917c6fe9a45b19da7",
                    "a_thaliana.gff3:md5,27e5a2d7e9fda9813b5431d37f50a821",
                    "summary_stats.json:md5,3e322faf84ae2cfb75eda121f98bbe5f"
                ],
                "stable names": [
                    "annotations",
                    "annotations/a_thaliana",
                    "annotations/a_thaliana/a_thaliana.cdna.fasta",
                    "annotations/a_thaliana/a_thaliana.cds.fasta",
                    "annotations/a_thaliana/a_thaliana.gt.gff3",
                    "annotations/a_thaliana/a_thaliana.pep.fasta",
                    "etc",
                    "etc/splicing_marked",
                    "etc/splicing_marked/a_thaliana.gff3",
                    "genepal_data",
                    "genepal_data/summary_stats.json",
                    "genepal_report.html",
                    "multiqc_report.html",
                    "pipeline_info"
                ],
                "summary_stats": {
                    "stats": [
                        {
                            "ID": "a_thaliana",
                            "Genes": 250,
                            "mRNA": 264,
                            "CDS": 1319,
                            "Exons": 1319,
                            "Intron": 1055,
                            "Non canon splice sites": 16
                        }
                    ]
                }
            }
        ],
        "meta": {
            "nf-test": "0.9.2",
            "nextflow": "24.10.6"
        },
        "timestamp": "2025-05-02T18:34:00.928126"
    }
}
