{
    "liftoff - GCF_019202715 - to - actinidia_chinensis": {
        "content": [
            {
                "0": [
                    [
                        {
                            "id": "test"
                        },
                        "test.gff:md5,b2b6a54f44df1dc2a324e7c448f8703c"
                    ]
                ],
                "1": [
                    "versions.yml:md5,1026414aab6f855a311e595d5ce911c6",
                    "versions.yml:md5,19d093420a74661d71e3690828949796",
                    "versions.yml:md5,1b4c11d661d6f5415fba4c381299308b",
                    "versions.yml:md5,1cafcdb9de6b733da7979604133eae25",
                    "versions.yml:md5,62f4b09184a55db8828254210833bc6d",
                    "versions.yml:md5,6d166828b373bddcd19e2eb819302c68",
                    "versions.yml:md5,71e1fd833f52a7e2fa2635ae16c4a256",
                    "versions.yml:md5,7ce16ccb5b6a919500779dac3a3476cc",
                    "versions.yml:md5,e691ebeaa950855f70f50783856e29c1",
                    "versions.yml:md5,e763bdf415c2d3b0084734278245f9e0",
                    "versions.yml:md5,ee651692163b338557acdd094a5d2bb8"
                ],
                "gff3": [
                    [
                        {
                            "id": "test"
                        },
                        "test.gff:md5,b2b6a54f44df1dc2a324e7c448f8703c"
                    ]
                ],
                "versions": [
                    "versions.yml:md5,1026414aab6f855a311e595d5ce911c6",
                    "versions.yml:md5,19d093420a74661d71e3690828949796",
                    "versions.yml:md5,1b4c11d661d6f5415fba4c381299308b",
                    "versions.yml:md5,1cafcdb9de6b733da7979604133eae25",
                    "versions.yml:md5,62f4b09184a55db8828254210833bc6d",
                    "versions.yml:md5,6d166828b373bddcd19e2eb819302c68",
                    "versions.yml:md5,71e1fd833f52a7e2fa2635ae16c4a256",
                    "versions.yml:md5,7ce16ccb5b6a919500779dac3a3476cc",
                    "versions.yml:md5,e691ebeaa950855f70f50783856e29c1",
                    "versions.yml:md5,e763bdf415c2d3b0084734278245f9e0",
                    "versions.yml:md5,ee651692163b338557acdd094a5d2bb8"
                ]
            }
        ],
        "meta": {
            "nf-test": "0.9.2",
            "nextflow": "24.10.5"
        },
        "timestamp": "2025-04-11T13:36:15.935689"
    }
}